Start Timer: [Init Circuit]
End Timer [Init Circuit]:  0.04591226577758789

Start Timer: [Execute Mapping]

****************************
*                          *
*   Pattern & Candidates   *
*                          *
****************************
----Start Timer: [Find Candidates]

------------ 1 ------------
Pattern: 1
    cx [0, 1]
    cx [1, 2]
    cx [0, 1]
    => 
    cx [0, 2]
    cx [1, 2]

Candidates: 

[1, 4, 5]
[5, 6, 8]
[7, 9, 10]

------------ 2 ------------
Pattern: 2
    cx [0, 1]
    cx [1, 2]
    => 
    cx [0, 2]

Candidates: 

[1, 4]
[4, 5]
[5, 6]
[6, 7]
[7, 9]
[15, 16]
[16, 17]
[35, 36]
[43, 44]

------------ 3 ------------
Pattern: 3
    x [1]
    cx [0, 1]
    x [1]
    => 
    cx [0, 1]

Candidates: 


------------ 4 ------------
Pattern: 4
    cx [1, 2]
    cx [0, 1]
    cx [1, 2]
    => 
    cx [0, 1]
    cx [1, 2]

Candidates: 

[1, 4, 5]

------------ 5 ------------
Pattern: 5
    cx [1, 2]
    cx [0, 2]
    cx [0, 1]
    => 
    cx [0, 1]
    cx [1, 2]

Candidates: 

[26, 27, 31]

------------ 6 ------------
Pattern: 6
    cx [0, 1]
    cx [0, 1]
    => 
    I

Candidates: 

[5, 8]
[7, 10]
[41, 43]

------------ 7 ------------
Pattern: 7
    x [0]
    x [0]
    => 
    I

Candidates: 

[22, 25]
[33, 37]
[40, 42]
----End Timer [Find Candidates]:  0.15633201599121094

----Start Timer: [Generate Plans]

**********************
*                    *
*   Generate Plans   *
*                    *
**********************

Sorted Candidates: 

[Pos: [1, 4] cc => c, Pos: [1, 4, 5] ccc => cc, Pos: [1, 4, 5] ccc => cc, Pos: [4, 5] cc => c, Pos: [5, 6] cc => c, Pos: [5, 8] cc => I, Pos: [5, 6, 8] ccc => cc, Pos: [6, 7] cc => c, Pos: [7, 9] cc => c, Pos: [7, 10] cc => I, Pos: [7, 9, 10] ccc => cc, Pos: [15, 16] cc => c, Pos: [16, 17] cc => c, Pos: [22, 25] xx => I, Pos: [26, 27, 31] ccc => cc, Pos: [33, 37] xx => I, Pos: [35, 36] cc => c, Pos: [40, 42] xx => I, Pos: [41, 43] cc => I, Pos: [43, 44] cc => c]

Monte Carlo-based plan searching

------------

Expansion: Candidates size: 4

Pos: [1, 4] cc => c
Pos: [1, 4, 5] ccc => cc
Pos: [1, 4, 5] ccc => cc
Pos: [4, 5] cc => c

Selected: Pos: [1, 4] cc => c
    ... chxccccccccxxcccchcR ... 
target: ^  ^                

----------

Expansion: Candidates size: 4

Pos: [5, 6] cc => c
Pos: [5, 8] cc => I
Pos: [5, 6, 8] ccc => cc
Pos: [6, 7] cc => c

Selected: Pos: [5, 8] cc => I
    ... cccccccxxcccchcRhxcc ... 
target: ^  ^                

----------

Expansion: Candidates size: 3

Pos: [7, 9] cc => c
Pos: [7, 10] cc => I
Pos: [7, 9, 10] ccc => cc

Selected: Pos: [7, 10] cc => I
    ... cccccxxcccchcRhxccxc ... 
target: ^  ^                

----------

Expansion: Candidates size: 2

Pos: [15, 16] cc => c
Pos: [16, 17] cc => c

Selected: Pos: [16, 17] cc => c
    ... cchcRhxccxcchRhchxcc ... 
target: ^^                  

----------

Expansion: Candidates size: 1

Pos: [22, 25] xx => I

Selected: Pos: [22, 25] xx => I
    ... xccxcchRhchxcccxchxc ... 
target: ^  ^                

----------

Expansion: Candidates size: 1

Pos: [26, 27, 31] ccc => cc

Selected: Pos: [26, 27, 31] ccc => cc
    ... cchRhchxcccxchxcxccc ... 
target: ^^   ^              

----------

Expansion: Candidates size: 1

Pos: [33, 37] xx => I

Selected: Pos: [33, 37] xx => I
    ... xcccxchxcxccch ... 
target: ^   ^         

----------

Expansion: Candidates size: 1

Pos: [35, 36] cc => c

Selected: Pos: [35, 36] cc => c
    ... ccxchxcxccch ... 
target: ^^          

----------

Expansion: Candidates size: 1

Pos: [40, 42] xx => I

Selected: Pos: [40, 42] xx => I
    ... xcxccch ... 
target: ^ ^    

----------

Expansion: Candidates size: 2

Pos: [41, 43] cc => I
Pos: [43, 44] cc => c

Selected: Pos: [41, 43] cc => I
    ... cxccch ... 
target: ^ ^   

----------

Complete Plan: 

Pos: [1, 4] cc => c
Pos: [5, 8] cc => I
Pos: [7, 10] cc => I
Pos: [16, 17] cc => c
Pos: [22, 25] xx => I
Pos: [26, 27, 31] ccc => cc
Pos: [33, 37] xx => I
Pos: [35, 36] cc => c
Pos: [40, 42] xx => I
Pos: [41, 43] cc => I

Total Saving: 26


----End Timer [Generate Plans]:  0.01573467254638672

----Start Timer: [apply mapping plan]

**************************
*                        *
*   Apply Mapping Plan   *
*                        *
**************************

Selected Best Plan: 
[Pos: [1, 4] cc => c,
 Pos: [5, 8] cc => I,
 Pos: [7, 10] cc => I,
 Pos: [16, 17] cc => c,
 Pos: [22, 25] xx => I,
 Pos: [26, 27, 31] ccc => cc,
 Pos: [33, 37] xx => I,
 Pos: [35, 36] cc => c,
 Pos: [40, 42] xx => I,
 Pos: [41, 43] cc => I]
Change: 10, Saving: 26

Circuit before: xchxccccccccxxcccchcRhxccxcchRhchxcccxchxcxccch
---------------
Apply:  Pos: [1, 4] cc => c
Apply:  Pos: [5, 8] cc => I
Apply:  Pos: [7, 10] cc => I
Apply:  Pos: [16, 17] cc => c
Apply:  Pos: [22, 25] xx => I
Apply:  Pos: [26, 27, 31] ccc => cc
Apply:  Pos: [33, 37] xx => I
Apply:  Pos: [35, 36] cc => c
Apply:  Pos: [40, 42] xx => I
Apply:  Pos: [41, 43] cc => I
---------------
Circuit after: xchxcccxxccchcRhcccchRhhccchcch

----End Timer [apply mapping plan]:  0.0

---------------
Origin Circuit: xchxccccccccxxccchRhchchxccxcchRhchxcccccxchxcxccch - size: 51
Solved Circuit: xchxcccxxccchcRhcccchRhhccchcch - size: 31
change: 20 (39.22%)
End Timer [Execute Mapping]:  0.17206668853759766

Start Timer: [Execute Mapping]

****************************
*                          *
*   Pattern & Candidates   *
*                          *
****************************
----Start Timer: [Find Candidates]

------------ 1 ------------
Pattern: 1
    cx [0, 1]
    cx [1, 2]
    cx [0, 1]
    => 
    cx [0, 2]
    cx [1, 2]

Candidates: 


------------ 2 ------------
Pattern: 2
    cx [0, 1]
    cx [1, 2]
    => 
    cx [0, 2]

Candidates: 

[5, 6]
[10, 11]
[18, 19]

------------ 3 ------------
Pattern: 3
    x [1]
    cx [0, 1]
    x [1]
    => 
    cx [0, 1]

Candidates: 

[0, 4, 7]

------------ 4 ------------
Pattern: 4
    cx [1, 2]
    cx [0, 1]
    cx [1, 2]
    => 
    cx [0, 1]
    cx [1, 2]

Candidates: 


------------ 5 ------------
Pattern: 5
    cx [1, 2]
    cx [0, 2]
    cx [0, 1]
    => 
    cx [0, 1]
    cx [1, 2]

Candidates: 


------------ 6 ------------
Pattern: 6
    cx [0, 1]
    cx [0, 1]
    => 
    I

Candidates: 


------------ 7 ------------
Pattern: 7
    x [0]
    x [0]
    => 
    I

Candidates: 

----End Timer [Find Candidates]:  0.032948970794677734

----Start Timer: [Generate Plans]

**********************
*                    *
*   Generate Plans   *
*                    *
**********************

Sorted Candidates: 

[Pos: [0, 4, 7] xcx => c, Pos: [5, 6] cc => c, Pos: [10, 11] cc => c, Pos: [18, 19] cc => c]

Monte Carlo-based plan searching

------------

Expansion: Candidates size: 1

Pos: [0, 4, 7] xcx => c

Selected: Pos: [0, 4, 7] xcx => c
    ... xchxcccxxccchcRhcccc ... 
target: ^   ^  ^            

----------

Expansion: Candidates size: 1

Pos: [5, 6] cc => c

Selected: Pos: [5, 6] cc => c
    ... ccxxccchcRhcccchRhhc ... 
target: ^^                  

----------

Expansion: Candidates size: 1

Pos: [10, 11] cc => c

Selected: Pos: [10, 11] cc => c
    ... cchcRhcccchRhhccchcc ... 
target: ^^                  

----------

Expansion: Candidates size: 1

Pos: [18, 19] cc => c

Selected: Pos: [18, 19] cc => c
    ... cchRhhccchcch ... 
target: ^^           

----------

Complete Plan: 

Pos: [0, 4, 7] xcx => c
Pos: [5, 6] cc => c
Pos: [10, 11] cc => c
Pos: [18, 19] cc => c

Total Saving: 8


----End Timer [Generate Plans]:  0.0009968280792236328

----Start Timer: [apply mapping plan]

**************************
*                        *
*   Apply Mapping Plan   *
*                        *
**************************

Selected Best Plan: 
[Pos: [0, 4, 7] xcx => c,
 Pos: [5, 6] cc => c,
 Pos: [10, 11] cc => c,
 Pos: [18, 19] cc => c]
Change: 4, Saving: 8

Circuit before: xchxcccxxccchcRhcccchRhhccchcch
---------------
Apply:  Pos: [0, 4, 7] xcx => c
Apply:  Pos: [5, 6] cc => c
Apply:  Pos: [10, 11] cc => c
Apply:  Pos: [18, 19] cc => c
---------------
Circuit after: cchxcxcchcRhccchRhhccchcch

----End Timer [apply mapping plan]:  6.0558319091796875e-05

---------------
Origin Circuit: xchxccccccccxxccchRhchchxccxcchRhchxcccccxchxcxccch - size: 51
Solved Circuit: cchxcxcchcRhccchRhhccchcch - size: 26
change: 25 (49.02%)
End Timer [Execute Mapping]:  0.0350039005279541

Start Timer: [Execute Mapping]

****************************
*                          *
*   Pattern & Candidates   *
*                          *
****************************
----Start Timer: [Find Candidates]

------------ 1 ------------
Pattern: 1
    cx [0, 1]
    cx [1, 2]
    cx [0, 1]
    => 
    cx [0, 2]
    cx [1, 2]

Candidates: 


------------ 2 ------------
Pattern: 2
    cx [0, 1]
    cx [1, 2]
    => 
    cx [0, 2]

Candidates: 


------------ 3 ------------
Pattern: 3
    x [1]
    cx [0, 1]
    x [1]
    => 
    cx [0, 1]

Candidates: 

[3, 4, 5]

------------ 4 ------------
Pattern: 4
    cx [1, 2]
    cx [0, 1]
    cx [1, 2]
    => 
    cx [0, 1]
    cx [1, 2]

Candidates: 


------------ 5 ------------
Pattern: 5
    cx [1, 2]
    cx [0, 2]
    cx [0, 1]
    => 
    cx [0, 1]
    cx [1, 2]

Candidates: 


------------ 6 ------------
Pattern: 6
    cx [0, 1]
    cx [0, 1]
    => 
    I

Candidates: 


------------ 7 ------------
Pattern: 7
    x [0]
    x [0]
    => 
    I

Candidates: 

----End Timer [Find Candidates]:  0.01795196533203125

----Start Timer: [Generate Plans]

**********************
*                    *
*   Generate Plans   *
*                    *
**********************

Sorted Candidates: 

[Pos: [3, 4, 5] xcx => c]

Monte Carlo-based plan searching

------------

Expansion: Candidates size: 1

Pos: [3, 4, 5] xcx => c

Selected: Pos: [3, 4, 5] xcx => c
    ... xcxcchcRhccchRhhccch ... 
target: ^^^                 

----------

Complete Plan: 

Pos: [3, 4, 5] xcx => c

Total Saving: 2


----End Timer [Generate Plans]:  0.0

----Start Timer: [apply mapping plan]

**************************
*                        *
*   Apply Mapping Plan   *
*                        *
**************************

Selected Best Plan: 
[Pos: [3, 4, 5] xcx => c]
Change: 1, Saving: 2

Circuit before: cchxcxcchcRhccchRhhccchcch
---------------
Apply:  Pos: [3, 4, 5] xcx => c
---------------
Circuit after: cchccchcRhccchRhhccchcch

----End Timer [apply mapping plan]:  0.0

---------------
Origin Circuit: xchxccccccccxxccchRhchchxccxcchRhchxcccccxchxcxccch - size: 51
Solved Circuit: cchccchcRhccchRhhccchcch - size: 24
change: 27 (52.94%)
End Timer [Execute Mapping]:  0.01795196533203125

Start Timer: [Execute Mapping]

****************************
*                          *
*   Pattern & Candidates   *
*                          *
****************************
----Start Timer: [Find Candidates]

------------ 1 ------------
Pattern: 1
    cx [0, 1]
    cx [1, 2]
    cx [0, 1]
    => 
    cx [0, 2]
    cx [1, 2]

Candidates: 


------------ 2 ------------
Pattern: 2
    cx [0, 1]
    cx [1, 2]
    => 
    cx [0, 2]

Candidates: 

[4, 5]

------------ 3 ------------
Pattern: 3
    x [1]
    cx [0, 1]
    x [1]
    => 
    cx [0, 1]

Candidates: 


------------ 4 ------------
Pattern: 4
    cx [1, 2]
    cx [0, 1]
    cx [1, 2]
    => 
    cx [0, 1]
    cx [1, 2]

Candidates: 


------------ 5 ------------
Pattern: 5
    cx [1, 2]
    cx [0, 2]
    cx [0, 1]
    => 
    cx [0, 1]
    cx [1, 2]

Candidates: 


------------ 6 ------------
Pattern: 6
    cx [0, 1]
    cx [0, 1]
    => 
    I

Candidates: 


------------ 7 ------------
Pattern: 7
    x [0]
    x [0]
    => 
    I

Candidates: 

----End Timer [Find Candidates]:  0.016915082931518555

----Start Timer: [Generate Plans]

**********************
*                    *
*   Generate Plans   *
*                    *
**********************

Sorted Candidates: 

[Pos: [4, 5] cc => c]

Monte Carlo-based plan searching

------------

Expansion: Candidates size: 1

Pos: [4, 5] cc => c

Selected: Pos: [4, 5] cc => c
    ... cchcRhccchRhhccchcch ... 
target: ^^                  

----------

Complete Plan: 

Pos: [4, 5] cc => c

Total Saving: 2


----End Timer [Generate Plans]:  0.0

----Start Timer: [apply mapping plan]

**************************
*                        *
*   Apply Mapping Plan   *
*                        *
**************************

Selected Best Plan: 
[Pos: [4, 5] cc => c]
Change: 1, Saving: 2

Circuit before: cchccchcRhccchRhhccchcch
---------------
Apply:  Pos: [4, 5] cc => c
---------------
Circuit after: cchcchcRhccchRhhccchcch

----End Timer [apply mapping plan]:  0.0

---------------
Origin Circuit: xchxccccccccxxccchRhchchxccxcchRhchxcccccxchxcxccch - size: 51
Solved Circuit: cchcchcRhccchRhhccchcch - size: 23
change: 28 (54.90%)
End Timer [Execute Mapping]:  0.01791238784790039

Start Timer: [Execute Mapping]

****************************
*                          *
*   Pattern & Candidates   *
*                          *
****************************
----Start Timer: [Find Candidates]

------------ 1 ------------
Pattern: 1
    cx [0, 1]
    cx [1, 2]
    cx [0, 1]
    => 
    cx [0, 2]
    cx [1, 2]

Candidates: 


------------ 2 ------------
Pattern: 2
    cx [0, 1]
    cx [1, 2]
    => 
    cx [0, 2]

Candidates: 


------------ 3 ------------
Pattern: 3
    x [1]
    cx [0, 1]
    x [1]
    => 
    cx [0, 1]

Candidates: 


------------ 4 ------------
Pattern: 4
    cx [1, 2]
    cx [0, 1]
    cx [1, 2]
    => 
    cx [0, 1]
    cx [1, 2]

Candidates: 


------------ 5 ------------
Pattern: 5
    cx [1, 2]
    cx [0, 2]
    cx [0, 1]
    => 
    cx [0, 1]
    cx [1, 2]

Candidates: 


------------ 6 ------------
Pattern: 6
    cx [0, 1]
    cx [0, 1]
    => 
    I

Candidates: 


------------ 7 ------------
Pattern: 7
    x [0]
    x [0]
    => 
    I

Candidates: 

----End Timer [Find Candidates]:  0.018950462341308594

----Start Timer: [Generate Plans]

**********************
*                    *
*   Generate Plans   *
*                    *
**********************

Sorted Candidates: 

[]

Monte Carlo-based plan searching

------------

Complete Plan: 



Total Saving: 0


----End Timer [Generate Plans]:  0.0

----Start Timer: [apply mapping plan]

**************************
*                        *
*   Apply Mapping Plan   *
*                        *
**************************

Selected Best Plan: 
[]
Change: 0, Saving: 0

Circuit before: cchcchcRhccchRhhccchcch
---------------
---------------
Circuit after: cchcchcRhccchRhhccchcch

----End Timer [apply mapping plan]:  0.0

---------------
Origin Circuit: xchxccccccccxxccchRhchchxccxcchRhchxcccccxchxcxccch - size: 51
Solved Circuit: cchcchcRhccchRhhccchcch - size: 23
change: 28 (54.90%)
End Timer [Execute Mapping]:  0.018950462341308594

Start Timer: [Init Circuit]
End Timer [Init Circuit]:  0.04587531089782715

Start Timer: [Execute Mapping]

****************************
*                          *
*   Pattern & Candidates   *
*                          *
****************************
----Start Timer: [Find Candidates]

------------ 1 ------------
Pattern: 1
    cx [0, 1]
    cx [1, 2]
    cx [0, 1]
    => 
    cx [0, 2]
    cx [1, 2]

Candidates: 

[5, 6, 8]
[7, 9, 10]

------------ 2 ------------
Pattern: 2
    x [1]
    cx [0, 1]
    x [1]
    => 
    cx [0, 1]

Candidates: 

[37, 38, 39]

------------ 3 ------------
Pattern: 3
    cx [1, 2]
    cx [0, 1]
    cx [1, 2]
    => 
    cx [0, 1]
    cx [1, 2]

Candidates: 


------------ 4 ------------
Pattern: 4
    cx [1, 2]
    cx [0, 2]
    cx [0, 1]
    => 
    cx [0, 1]
    cx [1, 2]

Candidates: 

[26, 27, 31]

------------ 5 ------------
Pattern: 5
    cx [0, 1]
    cx [0, 1]
    => 
    I

Candidates: 

[5, 8]
[7, 10]
[40, 42]

------------ 6 ------------
Pattern: 6
    x [0]
    x [0]
    => 
    I

Candidates: 

[22, 25]
[33, 37]
[39, 41]
----End Timer [Find Candidates]:  0.1780693531036377

----Start Timer: [Generate Plans]

**********************
*                    *
*   Generate Plans   *
*                    *
**********************

Sorted Candidates: 

[Pos: [5, 8] cc => I, Pos: [5, 6, 8] ccc => cc, Pos: [7, 10] cc => I, Pos: [7, 9, 10] ccc => cc, Pos: [22, 25] xx => I, Pos: [26, 27, 31] ccc => cc, Pos: [33, 37] xx => I, Pos: [37, 38, 39] xcx => c, Pos: [39, 41] xx => I, Pos: [40, 42] cc => I]

Monte Carlo-based plan searching

------------

Expansion: Candidates size: 2

Pos: [5, 8] cc => I
Pos: [5, 6, 8] ccc => cc

Selected: Pos: [5, 8] cc => I
    ... cccccccxxcccchcRhxcc ... 
target: ^  ^                

----------

Expansion: Candidates size: 2

Pos: [7, 10] cc => I
Pos: [7, 9, 10] ccc => cc

Selected: Pos: [7, 10] cc => I
    ... cccccxxcccchcRhxccxc ... 
target: ^  ^                

----------

Expansion: Candidates size: 1

Pos: [22, 25] xx => I

Selected: Pos: [22, 25] xx => I
    ... xccxcchRhchxcccxcxcx ... 
target: ^  ^                

----------

Expansion: Candidates size: 1

Pos: [26, 27, 31] ccc => cc

Selected: Pos: [26, 27, 31] ccc => cc
    ... cchRhchxcccxcxcxccch ... 
target: ^^   ^              

----------

Expansion: Candidates size: 2

Pos: [33, 37] xx => I
Pos: [37, 38, 39] xcx => c

Selected: Pos: [33, 37] xx => I
    ... xcccxcxcxccch ... 
target: ^   ^        

----------

Expansion: Candidates size: 1

Pos: [39, 41] xx => I

Selected: Pos: [39, 41] xx => I
    ... xcxccch ... 
target: ^ ^    

----------

Expansion: Candidates size: 1

Pos: [40, 42] cc => I

Selected: Pos: [40, 42] cc => I
    ... cxccch ... 
target: ^ ^   

----------

Expansion: Candidates size: 0

Complete Plan: 

Pos: [5, 8] cc => I
Pos: [7, 10] cc => I
Pos: [22, 25] xx => I
Pos: [26, 27, 31] ccc => cc
Pos: [33, 37] xx => I
Pos: [39, 41] xx => I
Pos: [40, 42] cc => I

Total Saving: 20


----End Timer [Generate Plans]:  0.007977962493896484

----Start Timer: [apply mapping plan]

**************************
*                        *
*   Apply Mapping Plan   *
*                        *
**************************

Selected Best Plan: 
[Pos: [5, 8] cc => I,
 Pos: [7, 10] cc => I,
 Pos: [22, 25] xx => I,
 Pos: [26, 27, 31] ccc => cc,
 Pos: [33, 37] xx => I,
 Pos: [39, 41] xx => I,
 Pos: [40, 42] cc => I]
Change: 7, Saving: 20

Circuit before: xchxccccccccxxcccchcRhxccxcchRhchxcccxcxcxccch
---------------
Apply:  Pos: [5, 8] cc => I
Apply:  Pos: [7, 10] cc => I
Apply:  Pos: [22, 25] xx => I
Apply:  Pos: [26, 27, 31] ccc => cc
Apply:  Pos: [33, 37] xx => I
Apply:  Pos: [39, 41] xx => I
Apply:  Pos: [40, 42] cc => I
---------------
Circuit after: xchxccccxxcccchcRhcccchRhhcccccch

----End Timer [apply mapping plan]:  0.000997304916381836

---------------
Origin Circuit: xchxccccccccxxccchRhchchxccxcchRhchxcccccxcxcxccch - size: 50
Solved Circuit: xchxccccxxcccchcRhcccchRhhcccccch - size: 33
change: 17 (34.00%)
End Timer [Execute Mapping]:  0.18804168701171875

Start Timer: [Execute Mapping]

****************************
*                          *
*   Pattern & Candidates   *
*                          *
****************************
----Start Timer: [Find Candidates]

------------ 1 ------------
Pattern: 1
    cx [0, 1]
    cx [1, 2]
    cx [0, 1]
    => 
    cx [0, 2]
    cx [1, 2]

Candidates: 


------------ 2 ------------
Pattern: 2
    x [1]
    cx [0, 1]
    x [1]
    => 
    cx [0, 1]

Candidates: 


------------ 3 ------------
Pattern: 3
    cx [1, 2]
    cx [0, 1]
    cx [1, 2]
    => 
    cx [0, 1]
    cx [1, 2]

Candidates: 


------------ 4 ------------
Pattern: 4
    cx [1, 2]
    cx [0, 2]
    cx [0, 1]
    => 
    cx [0, 1]
    cx [1, 2]

Candidates: 


------------ 5 ------------
Pattern: 5
    cx [0, 1]
    cx [0, 1]
    => 
    I

Candidates: 


------------ 6 ------------
Pattern: 6
    x [0]
    x [0]
    => 
    I

Candidates: 

----End Timer [Find Candidates]:  0.05385613441467285

----Start Timer: [Generate Plans]

**********************
*                    *
*   Generate Plans   *
*                    *
**********************

Sorted Candidates: 

[]

Monte Carlo-based plan searching

------------

Complete Plan: 



Total Saving: 0


----End Timer [Generate Plans]:  0.0

----Start Timer: [apply mapping plan]

**************************
*                        *
*   Apply Mapping Plan   *
*                        *
**************************

Selected Best Plan: 
[]
Change: 0, Saving: 0

Circuit before: xchxccccxxcccchcRhcccchRhhcccch
---------------
---------------
Circuit after: xchxccccxxcccchcRhcccchRhhcccch

----End Timer [apply mapping plan]:  0.0

---------------
Origin Circuit: xchxccccccccxxccchRhchchxccxcchRhchxcccccxcxcxccch - size: 50
Solved Circuit: xchxccccxxcccchcRhcccchRhhcccch - size: 31
change: 19 (38.00%)
End Timer [Execute Mapping]:  0.05385613441467285

Start Timer: [Init Circuit]
End Timer [Init Circuit]:  0.0578458309173584

Start Timer: [Execute Mapping]

****************************
*                          *
*   Pattern & Candidates   *
*                          *
****************************
----Start Timer: [Find Candidates]

------------ 1 ------------
Pattern: 1
    cx [0, 1]
    cx [1, 2]
    cx [0, 1]
    => 
    cx [0, 2]
    cx [1, 2]

Candidates: 

[5, 6, 8]
[7, 9, 10]

------------ 2 ------------
Pattern: 2
    x [1]
    cx [0, 1]
    x [1]
    => 
    cx [0, 1]

Candidates: 

[37, 38, 39]

------------ 3 ------------
Pattern: 3
    cx [1, 2]
    cx [0, 1]
    cx [1, 2]
    => 
    cx [0, 1]
    cx [1, 2]

Candidates: 


------------ 4 ------------
Pattern: 4
    cx [1, 2]
    cx [0, 2]
    cx [0, 1]
    => 
    cx [0, 1]
    cx [1, 2]

Candidates: 

[26, 27, 31]

------------ 5 ------------
Pattern: 5
    cx [0, 1]
    cx [0, 1]
    => 
    I

Candidates: 

[5, 8]
[7, 10]
[40, 42]

------------ 6 ------------
Pattern: 6
    x [0]
    x [0]
    => 
    I

Candidates: 

[22, 25]
[33, 37]
[39, 41]
----End Timer [Find Candidates]:  0.17752933502197266

----Start Timer: [Generate Plans]

**********************
*                    *
*   Generate Plans   *
*                    *
**********************

Sorted Candidates: 

[Pos: [5, 8] cc => I, Pos: [5, 6, 8] ccc => cc, Pos: [7, 10] cc => I, Pos: [7, 9, 10] ccc => cc, Pos: [22, 25] xx => I, Pos: [26, 27, 31] ccc => cc, Pos: [33, 37] xx => I, Pos: [37, 38, 39] xcx => c, Pos: [39, 41] xx => I, Pos: [40, 42] cc => I]

Monte Carlo-based plan searching

------------

Expansion: Candidates size: 2

Pos: [5, 8] cc => I
Pos: [5, 6, 8] ccc => cc

Selected: Pos: [5, 8] cc => I
    ... cccccccxxcccchcRhxcc ... 
target: ^  ^                

----------

Expansion: Candidates size: 2

Pos: [7, 10] cc => I
Pos: [7, 9, 10] ccc => cc

Selected: Pos: [7, 10] cc => I
    ... cccccxxcccchcRhxccxc ... 
target: ^  ^                

----------

Expansion: Candidates size: 1

Pos: [22, 25] xx => I

Selected: Pos: [22, 25] xx => I
    ... xccxcchRhchxcccxcxcx ... 
target: ^  ^                

----------

Expansion: Candidates size: 1

Pos: [26, 27, 31] ccc => cc

Selected: Pos: [26, 27, 31] ccc => cc
    ... cchRhchxcccxcxcxccch ... 
target: ^^   ^              

----------

Expansion: Candidates size: 2

Pos: [33, 37] xx => I
Pos: [37, 38, 39] xcx => c

Selected: Pos: [33, 37] xx => I
    ... xcccxcxcxccch ... 
target: ^   ^        

----------

Expansion: Candidates size: 1

Pos: [39, 41] xx => I

Selected: Pos: [39, 41] xx => I
    ... xcxccch ... 
target: ^ ^    

----------

Expansion: Candidates size: 1

Pos: [40, 42] cc => I

Selected: Pos: [40, 42] cc => I
    ... cxccch ... 
target: ^ ^   

----------

Expansion: Candidates size: 0

Complete Plan: 

Pos: [5, 8] cc => I
Pos: [7, 10] cc => I
Pos: [22, 25] xx => I
Pos: [26, 27, 31] ccc => cc
Pos: [33, 37] xx => I
Pos: [39, 41] xx => I
Pos: [40, 42] cc => I

Total Saving: 20


----End Timer [Generate Plans]:  0.003987312316894531

----Start Timer: [apply mapping plan]

**************************
*                        *
*   Apply Mapping Plan   *
*                        *
**************************

Selected Best Plan: 
[Pos: [5, 8] cc => I,
 Pos: [7, 10] cc => I,
 Pos: [22, 25] xx => I,
 Pos: [26, 27, 31] ccc => cc,
 Pos: [33, 37] xx => I,
 Pos: [39, 41] xx => I,
 Pos: [40, 42] cc => I]
Change: 7, Saving: 20

Circuit before: xchxccccccccxxcccchcRhxccxcchRhchxcccxcxcxccch
---------------
Apply:  Pos: [5, 8] cc => I
Apply:  Pos: [7, 10] cc => I
Apply:  Pos: [22, 25] xx => I
Apply:  Pos: [26, 27, 31] ccc => cc
Apply:  Pos: [33, 37] xx => I
Apply:  Pos: [39, 41] xx => I
Apply:  Pos: [40, 42] cc => I
---------------
Circuit after: xchxccccxxcccchcRhcccchRhhcccccch

----End Timer [apply mapping plan]:  0.000997304916381836

---------------
Origin Circuit: xchxccccccccxxccchRhchchxccxcchRhchxcccccxcxcxccch - size: 50
Solved Circuit: xchxccccxxcccchcRhcccchRhhcccccch - size: 33
change: 17 (34.00%)
End Timer [Execute Mapping]:  0.18251395225524902

Start Timer: [Execute Mapping]

****************************
*                          *
*   Pattern & Candidates   *
*                          *
****************************
----Start Timer: [Find Candidates]

------------ 1 ------------
Pattern: 1
    cx [0, 1]
    cx [1, 2]
    cx [0, 1]
    => 
    cx [0, 2]
    cx [1, 2]

Candidates: 


------------ 2 ------------
Pattern: 2
    x [1]
    cx [0, 1]
    x [1]
    => 
    cx [0, 1]

Candidates: 


------------ 3 ------------
Pattern: 3
    cx [1, 2]
    cx [0, 1]
    cx [1, 2]
    => 
    cx [0, 1]
    cx [1, 2]

Candidates: 


------------ 4 ------------
Pattern: 4
    cx [1, 2]
    cx [0, 2]
    cx [0, 1]
    => 
    cx [0, 1]
    cx [1, 2]

Candidates: 


------------ 5 ------------
Pattern: 5
    cx [0, 1]
    cx [0, 1]
    => 
    I

Candidates: 


------------ 6 ------------
Pattern: 6
    x [0]
    x [0]
    => 
    I

Candidates: 

----End Timer [Find Candidates]:  0.04288530349731445

----Start Timer: [Generate Plans]

**********************
*                    *
*   Generate Plans   *
*                    *
**********************

Sorted Candidates: 

[]

Monte Carlo-based plan searching

------------

Complete Plan: 



Total Saving: 0


----End Timer [Generate Plans]:  0.0

----Start Timer: [apply mapping plan]

**************************
*                        *
*   Apply Mapping Plan   *
*                        *
**************************

Selected Best Plan: 
[]
Change: 0, Saving: 0

Circuit before: xchxccccxxcccchcRhcccchRhhcccch
---------------
---------------
Circuit after: xchxccccxxcccchcRhcccchRhhcccch

----End Timer [apply mapping plan]:  0.0

---------------
Origin Circuit: xchxccccccccxxccchRhchchxccxcchRhchxcccccxcxcxccch - size: 50
Solved Circuit: xchxccccxxcccchcRhcccchRhhcccch - size: 31
change: 19 (38.00%)
End Timer [Execute Mapping]:  0.04288530349731445

Start Timer: [Init Circuit]
End Timer [Init Circuit]:  0.06981301307678223

Start Timer: [Execute Mapping]

****************************
*                          *
*   Pattern & Candidates   *
*                          *
****************************
----Start Timer: [Find Candidates]

------------ 1 ------------
Pattern: 1
    cx [0, 1]
    cx [1, 2]
    cx [0, 1]
    => 
    cx [0, 2]
    cx [1, 2]

Candidates: 

[5, 6, 8]
[7, 9, 10]

------------ 2 ------------
Pattern: 2
    x [1]
    cx [0, 1]
    x [1]
    => 
    cx [0, 1]

Candidates: 

[37, 38, 39]

------------ 3 ------------
Pattern: 3
    cx [1, 2]
    cx [0, 1]
    cx [1, 2]
    => 
    cx [0, 1]
    cx [1, 2]

Candidates: 


------------ 4 ------------
Pattern: 4
    cx [1, 2]
    cx [0, 2]
    cx [0, 1]
    => 
    cx [0, 1]
    cx [1, 2]

Candidates: 

[26, 27, 31]

------------ 5 ------------
Pattern: 5
    cx [0, 1]
    cx [0, 1]
    => 
    I

Candidates: 

[5, 8]
[7, 10]
[40, 42]

------------ 6 ------------
Pattern: 6
    x [0]
    x [0]
    => 
    I

Candidates: 

[22, 25]
[33, 37]
[39, 41]
----End Timer [Find Candidates]:  0.16755199432373047

----Start Timer: [Generate Plans]

**********************
*                    *
*   Generate Plans   *
*                    *
**********************

Sorted Candidates: 

[Pos: [5, 8] cc => I, Pos: [5, 6, 8] ccc => cc, Pos: [7, 10] cc => I, Pos: [7, 9, 10] ccc => cc, Pos: [22, 25] xx => I, Pos: [26, 27, 31] ccc => cc, Pos: [33, 37] xx => I, Pos: [37, 38, 39] xcx => c, Pos: [39, 41] xx => I, Pos: [40, 42] cc => I]

Monte Carlo-based plan searching

------------

Expansion: Candidates size: 2

Pos: [5, 8] cc => I
Pos: [5, 6, 8] ccc => cc

Selected: Pos: [5, 8] cc => I
    ... cccccccxxcccchcRhxcc ... 
target: ^  ^                

----------

Expansion: Candidates size: 2

Pos: [7, 10] cc => I
Pos: [7, 9, 10] ccc => cc

Selected: Pos: [7, 10] cc => I
    ... cccccxxcccchcRhxccxc ... 
target: ^  ^                

----------

Expansion: Candidates size: 1

Pos: [22, 25] xx => I

Selected: Pos: [22, 25] xx => I
    ... xccxcchRhchxcccxcxcx ... 
target: ^  ^                

----------

Expansion: Candidates size: 1

Pos: [26, 27, 31] ccc => cc

Selected: Pos: [26, 27, 31] ccc => cc
    ... cchRhchxcccxcxcxccch ... 
target: ^^   ^              

----------

Expansion: Candidates size: 2

Pos: [33, 37] xx => I
Pos: [37, 38, 39] xcx => c

Selected: Pos: [33, 37] xx => I
    ... xcccxcxcxccch ... 
target: ^   ^        

----------

Expansion: Candidates size: 1

Pos: [39, 41] xx => I

Selected: Pos: [39, 41] xx => I
    ... xcxccch ... 
target: ^ ^    

----------

Expansion: Candidates size: 1

Pos: [40, 42] cc => I

Selected: Pos: [40, 42] cc => I
    ... cxccch ... 
target: ^ ^   

----------

Expansion: Candidates size: 0

Complete Plan: 

Pos: [5, 8] cc => I
Pos: [7, 10] cc => I
Pos: [22, 25] xx => I
Pos: [26, 27, 31] ccc => cc
Pos: [33, 37] xx => I
Pos: [39, 41] xx => I
Pos: [40, 42] cc => I

Total Saving: 20


----End Timer [Generate Plans]:  0.006985187530517578

----Start Timer: [apply mapping plan]

**************************
*                        *
*   Apply Mapping Plan   *
*                        *
**************************

Selected Best Plan: 
[Pos: [5, 8] cc => I,
 Pos: [7, 10] cc => I,
 Pos: [22, 25] xx => I,
 Pos: [26, 27, 31] ccc => cc,
 Pos: [33, 37] xx => I,
 Pos: [39, 41] xx => I,
 Pos: [40, 42] cc => I]
Change: 7, Saving: 20

Circuit before: xchxccccccccxxcccchcRhxccxcchRhchxcccxcxcxccch
---------------
Apply:  Pos: [5, 8] cc => I
Apply:  Pos: [7, 10] cc => I
Apply:  Pos: [22, 25] xx => I
Apply:  Pos: [26, 27, 31] ccc => cc
Apply:  Pos: [33, 37] xx => I
Apply:  Pos: [39, 41] xx => I
Apply:  Pos: [40, 42] cc => I
---------------
Circuit after: xchxccccxxcccchcRhcccchRhhcccccch

----End Timer [apply mapping plan]:  0.0009927749633789062

---------------
Origin Circuit: xchxccccccccxxccchRhchchxccxcchRhchxcccccxcxcxccch - size: 50
Solved Circuit: xchxccccxxcccchcRhcccchRhhcccccch - size: 33
change: 17 (34.00%)
End Timer [Execute Mapping]:  0.17552995681762695

Start Timer: [Execute Mapping]

****************************
*                          *
*   Pattern & Candidates   *
*                          *
****************************
----Start Timer: [Find Candidates]

------------ 1 ------------
Pattern: 1
    cx [0, 1]
    cx [1, 2]
    cx [0, 1]
    => 
    cx [0, 2]
    cx [1, 2]

Candidates: 


------------ 2 ------------
Pattern: 2
    x [1]
    cx [0, 1]
    x [1]
    => 
    cx [0, 1]

Candidates: 


------------ 3 ------------
Pattern: 3
    cx [1, 2]
    cx [0, 1]
    cx [1, 2]
    => 
    cx [0, 1]
    cx [1, 2]

Candidates: 


------------ 4 ------------
Pattern: 4
    cx [1, 2]
    cx [0, 2]
    cx [0, 1]
    => 
    cx [0, 1]
    cx [1, 2]

Candidates: 


------------ 5 ------------
Pattern: 5
    cx [0, 1]
    cx [0, 1]
    => 
    I

Candidates: 


------------ 6 ------------
Pattern: 6
    x [0]
    x [0]
    => 
    I

Candidates: 

----End Timer [Find Candidates]:  0.05186176300048828

----Start Timer: [Generate Plans]

**********************
*                    *
*   Generate Plans   *
*                    *
**********************

Sorted Candidates: 

[]

Monte Carlo-based plan searching

------------

Complete Plan: 



Total Saving: 0


----End Timer [Generate Plans]:  0.0

----Start Timer: [apply mapping plan]

**************************
*                        *
*   Apply Mapping Plan   *
*                        *
**************************

Selected Best Plan: 
[]
Change: 0, Saving: 0

Circuit before: xchxccccxxcccchcRhcccchRhhcccch
---------------
---------------
Circuit after: xchxccccxxcccchcRhcccchRhhcccch

----End Timer [apply mapping plan]:  0.0

---------------
Origin Circuit: xchxccccccccxxccchRhchchxccxcchRhchxcccccxcxcxccch - size: 50
Solved Circuit: xchxccccxxcccchcRhcccchRhhcccch - size: 31
change: 19 (38.00%)
End Timer [Execute Mapping]:  0.05186176300048828

Start Timer: [Init Circuit]
End Timer [Init Circuit]:  0.05086040496826172

Start Timer: [Execute Mapping]

****************************
*                          *
*   Pattern & Candidates   *
*                          *
****************************
----Start Timer: [Find Candidates]

------------ 1 ------------
Pattern: 1
    cx [0, 1]
    cx [1, 2]
    cx [0, 1]
    => 
    cx [0, 2]
    cx [1, 2]

Candidates: 

[5, 6, 8]
[7, 9, 10]

------------ 2 ------------
Pattern: 2
    x [1]
    cx [0, 1]
    x [1]
    => 
    cx [0, 1]

Candidates: 

[37, 38, 39]

------------ 3 ------------
Pattern: 3
    cx [1, 2]
    cx [0, 1]
    cx [1, 2]
    => 
    cx [0, 1]
    cx [1, 2]

Candidates: 


------------ 4 ------------
Pattern: 4
    cx [1, 2]
    cx [0, 2]
    cx [0, 1]
    => 
    cx [0, 1]
    cx [1, 2]

Candidates: 

[26, 27, 31]

------------ 5 ------------
Pattern: 5
    cx [0, 1]
    cx [0, 1]
    => 
    I

Candidates: 

[5, 8]
[7, 10]
[40, 42]

------------ 6 ------------
Pattern: 6
    x [0]
    x [0]
    => 
    I

Candidates: 

[22, 25]
[33, 37]
[39, 41]
----End Timer [Find Candidates]:  0.19502496719360352

----Start Timer: [Generate Plans]

**********************
*                    *
*   Generate Plans   *
*                    *
**********************

Sorted Candidates: 

[Pos: [5, 8] cc => I, Pos: [5, 6, 8] ccc => cc, Pos: [7, 10] cc => I, Pos: [7, 9, 10] ccc => cc, Pos: [22, 25] xx => I, Pos: [26, 27, 31] ccc => cc, Pos: [33, 37] xx => I, Pos: [37, 38, 39] xcx => c, Pos: [39, 41] xx => I, Pos: [40, 42] cc => I]

Monte Carlo-based plan searching

------------

Expansion: Candidates size: 2

Pos: [5, 8] cc => I
Pos: [5, 6, 8] ccc => cc

Selected: Pos: [5, 8] cc => I
    ... cccccccxxcccchcRhxcc ... 
target: ^  ^                

----------

Expansion: Candidates size: 2

Pos: [7, 10] cc => I
Pos: [7, 9, 10] ccc => cc

Selected: Pos: [7, 10] cc => I
    ... cccccxxcccchcRhxccxc ... 
target: ^  ^                

----------

Expansion: Candidates size: 1

Pos: [22, 25] xx => I

Selected: Pos: [22, 25] xx => I
    ... xccxcchRhchxcccxcxcx ... 
target: ^  ^                

----------

Expansion: Candidates size: 1

Pos: [26, 27, 31] ccc => cc

Selected: Pos: [26, 27, 31] ccc => cc
    ... cchRhchxcccxcxcxccch ... 
target: ^^   ^              

----------

Expansion: Candidates size: 2

Pos: [33, 37] xx => I
Pos: [37, 38, 39] xcx => c

Selected: Pos: [33, 37] xx => I
    ... xcccxcxcxccch ... 
target: ^   ^        

----------

Expansion: Candidates size: 1

Pos: [39, 41] xx => I

Selected: Pos: [39, 41] xx => I
    ... xcxccch ... 
target: ^ ^    

----------

Expansion: Candidates size: 1

Pos: [40, 42] cc => I

Selected: Pos: [40, 42] cc => I
    ... cxccch ... 
target: ^ ^   

----------

Expansion: Candidates size: 0

Complete Plan: 

Pos: [5, 8] cc => I
Pos: [7, 10] cc => I
Pos: [22, 25] xx => I
Pos: [26, 27, 31] ccc => cc
Pos: [33, 37] xx => I
Pos: [39, 41] xx => I
Pos: [40, 42] cc => I

Total Saving: 20


----End Timer [Generate Plans]:  0.008974552154541016

----Start Timer: [apply mapping plan]

**************************
*                        *
*   Apply Mapping Plan   *
*                        *
**************************

Selected Best Plan: 
[Pos: [5, 8] cc => I,
 Pos: [7, 10] cc => I,
 Pos: [22, 25] xx => I,
 Pos: [26, 27, 31] ccc => cc,
 Pos: [33, 37] xx => I,
 Pos: [39, 41] xx => I,
 Pos: [40, 42] cc => I]
Change: 7, Saving: 20

Circuit before: xchxccccccccxxcccchcRhxccxcchRhchxcccxcxcxccch
---------------
Apply:  Pos: [5, 8] cc => I
Apply:  Pos: [7, 10] cc => I
Apply:  Pos: [22, 25] xx => I
Apply:  Pos: [26, 27, 31] ccc => cc
Apply:  Pos: [33, 37] xx => I
Apply:  Pos: [39, 41] xx => I
Apply:  Pos: [40, 42] cc => I
---------------
Circuit after: xchxccccxxcccchcRhcccchRhhcccccch

----End Timer [apply mapping plan]:  0.0009996891021728516

---------------
Origin Circuit: xchxccccccccxxccchRhchchxccxcchRhchxcccccxcxcxccch - size: 50
Solved Circuit: xchxccccxxcccchcRhcccchRhhcccccch - size: 33
change: 17 (34.00%)
End Timer [Execute Mapping]:  0.20499920845031738

Start Timer: [Execute Mapping]

****************************
*                          *
*   Pattern & Candidates   *
*                          *
****************************
----Start Timer: [Find Candidates]

------------ 1 ------------
Pattern: 1
    cx [0, 1]
    cx [1, 2]
    cx [0, 1]
    => 
    cx [0, 2]
    cx [1, 2]

Candidates: 


------------ 2 ------------
Pattern: 2
    x [1]
    cx [0, 1]
    x [1]
    => 
    cx [0, 1]

Candidates: 


------------ 3 ------------
Pattern: 3
    cx [1, 2]
    cx [0, 1]
    cx [1, 2]
    => 
    cx [0, 1]
    cx [1, 2]

Candidates: 


------------ 4 ------------
Pattern: 4
    cx [1, 2]
    cx [0, 2]
    cx [0, 1]
    => 
    cx [0, 1]
    cx [1, 2]

Candidates: 


------------ 5 ------------
Pattern: 5
    cx [0, 1]
    cx [0, 1]
    => 
    I

Candidates: 


------------ 6 ------------
Pattern: 6
    x [0]
    x [0]
    => 
    I

Candidates: 

----End Timer [Find Candidates]:  0.06482434272766113

----Start Timer: [Generate Plans]

**********************
*                    *
*   Generate Plans   *
*                    *
**********************

Sorted Candidates: 

[]

Monte Carlo-based plan searching

------------

Complete Plan: 



Total Saving: 0


----End Timer [Generate Plans]:  0.0

----Start Timer: [apply mapping plan]

**************************
*                        *
*   Apply Mapping Plan   *
*                        *
**************************

Selected Best Plan: 
[]
Change: 0, Saving: 0

Circuit before: xchxccccxxcccchcRhcccchRhhcccch
---------------
---------------
Circuit after: xchxccccxxcccchcRhcccchRhhcccch

----End Timer [apply mapping plan]:  0.0

---------------
Origin Circuit: xchxccccccccxxccchRhchchxccxcchRhchxcccccxcxcxccch - size: 50
Solved Circuit: xchxccccxxcccchcRhcccchRhhcccch - size: 31
change: 19 (38.00%)
End Timer [Execute Mapping]:  0.06482434272766113

Start Timer: [Init Circuit]
End Timer [Init Circuit]:  0.0827779769897461

Start Timer: [Execute Mapping]

****************************
*                          *
*   Pattern & Candidates   *
*                          *
****************************
----Start Timer: [Find Candidates]

------------ 1 ------------
Pattern: 1
    cx [0, 1]
    cx [1, 2]
    cx [0, 1]
    => 
    cx [0, 2]
    cx [1, 2]

Candidates: 

[5, 6, 8]
[7, 9, 10]

------------ 2 ------------
Pattern: 2
    x [1]
    cx [0, 1]
    x [1]
    => 
    cx [0, 1]

Candidates: 

[37, 38, 39]

------------ 3 ------------
Pattern: 3
    cx [1, 2]
    cx [0, 1]
    cx [1, 2]
    => 
    cx [0, 1]
    cx [1, 2]

Candidates: 


------------ 4 ------------
Pattern: 4
    cx [1, 2]
    cx [0, 2]
    cx [0, 1]
    => 
    cx [0, 1]
    cx [1, 2]

Candidates: 

[26, 27, 31]

------------ 5 ------------
Pattern: 5
    cx [0, 1]
    cx [0, 1]
    => 
    I

Candidates: 

[5, 8]
[7, 10]
[40, 42]

------------ 6 ------------
Pattern: 6
    x [0]
    x [0]
    => 
    I

Candidates: 

[22, 25]
[33, 37]
[39, 41]
----End Timer [Find Candidates]:  0.2757999897003174

----Start Timer: [Generate Plans]

**********************
*                    *
*   Generate Plans   *
*                    *
**********************

Sorted Candidates: 

[Pos: [5, 8] cc => I, Pos: [5, 6, 8] ccc => cc, Pos: [7, 10] cc => I, Pos: [7, 9, 10] ccc => cc, Pos: [22, 25] xx => I, Pos: [26, 27, 31] ccc => cc, Pos: [33, 37] xx => I, Pos: [37, 38, 39] xcx => c, Pos: [39, 41] xx => I, Pos: [40, 42] cc => I]

Monte Carlo-based plan searching

------------

Expansion: Candidates size: 2

Pos: [5, 8] cc => I
Pos: [5, 6, 8] ccc => cc

Selected: Pos: [5, 8] cc => I
    ... cccccccxxcccchcRhxcc ... 
target: ^  ^                

----------

Expansion: Candidates size: 2

Pos: [7, 10] cc => I
Pos: [7, 9, 10] ccc => cc

Selected: Pos: [7, 10] cc => I
    ... cccccxxcccchcRhxccxc ... 
target: ^  ^                

----------

Expansion: Candidates size: 1

Pos: [22, 25] xx => I

Selected: Pos: [22, 25] xx => I
    ... xccxcchRhchxcccxcxcx ... 
target: ^  ^                

----------

Expansion: Candidates size: 1

Pos: [26, 27, 31] ccc => cc

Selected: Pos: [26, 27, 31] ccc => cc
    ... cchRhchxcccxcxcxccch ... 
target: ^^   ^              

----------

Expansion: Candidates size: 2

Pos: [33, 37] xx => I
Pos: [37, 38, 39] xcx => c

Selected: Pos: [33, 37] xx => I
    ... xcccxcxcxccch ... 
target: ^   ^        

----------

Expansion: Candidates size: 1

Pos: [39, 41] xx => I

Selected: Pos: [39, 41] xx => I
    ... xcxccch ... 
target: ^ ^    

----------

Expansion: Candidates size: 1

Pos: [40, 42] cc => I

Selected: Pos: [40, 42] cc => I
    ... cxccch ... 
target: ^ ^   

----------

Expansion: Candidates size: 0

Complete Plan: 

Pos: [5, 8] cc => I
Pos: [7, 10] cc => I
Pos: [22, 25] xx => I
Pos: [26, 27, 31] ccc => cc
Pos: [33, 37] xx => I
Pos: [39, 41] xx => I
Pos: [40, 42] cc => I

Total Saving: 20


----End Timer [Generate Plans]:  0.007978677749633789

----Start Timer: [apply mapping plan]

**************************
*                        *
*   Apply Mapping Plan   *
*                        *
**************************

Selected Best Plan: 
[Pos: [5, 8] cc => I,
 Pos: [7, 10] cc => I,
 Pos: [22, 25] xx => I,
 Pos: [26, 27, 31] ccc => cc,
 Pos: [33, 37] xx => I,
 Pos: [39, 41] xx => I,
 Pos: [40, 42] cc => I]
Change: 7, Saving: 20

Circuit before: xchxccccccccxxcccchcRhxccxcchRhchxcccxcxcxccch
---------------
Apply:  Pos: [5, 8] cc => I
Apply:  Pos: [7, 10] cc => I
Apply:  Pos: [22, 25] xx => I
Apply:  Pos: [26, 27, 31] ccc => cc
Apply:  Pos: [33, 37] xx => I
Apply:  Pos: [39, 41] xx => I
Apply:  Pos: [40, 42] cc => I
---------------
Circuit after: xchxccccxxcccchcRhcccchRhhcccccch

----End Timer [apply mapping plan]:  0.0009965896606445312

---------------
Origin Circuit: xchxccccccccxxccchRhchchxccxcchRhchxcccccxcxcxccch - size: 50
Solved Circuit: xchxccccxxcccchcRhcccchRhhcccccch - size: 33
change: 17 (34.00%)
End Timer [Execute Mapping]:  0.2847752571105957

Start Timer: [Execute Mapping]

****************************
*                          *
*   Pattern & Candidates   *
*                          *
****************************
----Start Timer: [Find Candidates]

------------ 1 ------------
Pattern: 1
    cx [0, 1]
    cx [1, 2]
    cx [0, 1]
    => 
    cx [0, 2]
    cx [1, 2]

Candidates: 


------------ 2 ------------
Pattern: 2
    x [1]
    cx [0, 1]
    x [1]
    => 
    cx [0, 1]

Candidates: 


------------ 3 ------------
Pattern: 3
    cx [1, 2]
    cx [0, 1]
    cx [1, 2]
    => 
    cx [0, 1]
    cx [1, 2]

Candidates: 


------------ 4 ------------
Pattern: 4
    cx [1, 2]
    cx [0, 2]
    cx [0, 1]
    => 
    cx [0, 1]
    cx [1, 2]

Candidates: 


------------ 5 ------------
Pattern: 5
    cx [0, 1]
    cx [0, 1]
    => 
    I

Candidates: 


------------ 6 ------------
Pattern: 6
    x [0]
    x [0]
    => 
    I

Candidates: 

----End Timer [Find Candidates]:  0.08577108383178711

----Start Timer: [Generate Plans]

**********************
*                    *
*   Generate Plans   *
*                    *
**********************

Sorted Candidates: 

[]

Monte Carlo-based plan searching

------------

Complete Plan: 



Total Saving: 0


----End Timer [Generate Plans]:  0.0

----Start Timer: [apply mapping plan]

**************************
*                        *
*   Apply Mapping Plan   *
*                        *
**************************

Selected Best Plan: 
[]
Change: 0, Saving: 0

Circuit before: xchxccccxxcccchcRhcccchRhhcccch
---------------
---------------
Circuit after: xchxccccxxcccchcRhcccchRhhcccch

----End Timer [apply mapping plan]:  0.0

---------------
Origin Circuit: xchxccccccccxxccchRhchchxccxcchRhchxcccccxcxcxccch - size: 50
Solved Circuit: xchxccccxxcccchcRhcccchRhhcccch - size: 31
change: 19 (38.00%)
End Timer [Execute Mapping]:  0.08577108383178711

Start Timer: [Init Circuit]
End Timer [Init Circuit]:  0.08377408981323242

Start Timer: [Execute Mapping]

****************************
*                          *
*   Pattern & Candidates   *
*                          *
****************************
----Start Timer: [Find Candidates]

------------ 1 ------------
Pattern: 1
    cx [0, 1]
    cx [1, 2]
    cx [0, 1]
    => 
    cx [0, 2]
    cx [1, 2]

Candidates: 

[5, 6, 8]
[7, 9, 10]

------------ 2 ------------
Pattern: 2
    x [1]
    cx [0, 1]
    x [1]
    => 
    cx [0, 1]

Candidates: 

[37, 38, 39]

------------ 3 ------------
Pattern: 3
    cx [1, 2]
    cx [0, 1]
    cx [1, 2]
    => 
    cx [0, 1]
    cx [1, 2]

Candidates: 


------------ 4 ------------
Pattern: 4
    cx [1, 2]
    cx [0, 2]
    cx [0, 1]
    => 
    cx [0, 1]
    cx [1, 2]

Candidates: 

[26, 27, 31]

------------ 5 ------------
Pattern: 5
    cx [0, 1]
    cx [0, 1]
    => 
    I

Candidates: 

[5, 8]
[7, 10]
[40, 42]

------------ 6 ------------
Pattern: 6
    x [0]
    x [0]
    => 
    I

Candidates: 

[22, 25]
[33, 37]
[39, 41]
----End Timer [Find Candidates]:  0.29276132583618164

----Start Timer: [Generate Plans]

**********************
*                    *
*   Generate Plans   *
*                    *
**********************

Sorted Candidates: 

[Pos: [5, 8] cc => I, Pos: [5, 6, 8] ccc => cc, Pos: [7, 10] cc => I, Pos: [7, 9, 10] ccc => cc, Pos: [22, 25] xx => I, Pos: [26, 27, 31] ccc => cc, Pos: [33, 37] xx => I, Pos: [37, 38, 39] xcx => c, Pos: [39, 41] xx => I, Pos: [40, 42] cc => I]

Monte Carlo-based plan searching

------------

Expansion: Candidates size: 2

Pos: [5, 8] cc => I
Pos: [5, 6, 8] ccc => cc

Selected: Pos: [5, 8] cc => I
    ... cccccccxxcccchcRhxcc ... 
target: ^  ^                

----------

Expansion: Candidates size: 2

Pos: [7, 10] cc => I
Pos: [7, 9, 10] ccc => cc

Selected: Pos: [7, 10] cc => I
    ... cccccxxcccchcRhxccxc ... 
target: ^  ^                

----------

Expansion: Candidates size: 1

Pos: [22, 25] xx => I

Selected: Pos: [22, 25] xx => I
    ... xccxcchRhchxcccxcxcx ... 
target: ^  ^                

----------

Expansion: Candidates size: 1

Pos: [26, 27, 31] ccc => cc

Selected: Pos: [26, 27, 31] ccc => cc
    ... cchRhchxcccxcxcxccch ... 
target: ^^   ^              

----------

Expansion: Candidates size: 2

Pos: [33, 37] xx => I
Pos: [37, 38, 39] xcx => c

Selected: Pos: [33, 37] xx => I
    ... xcccxcxcxccch ... 
target: ^   ^        

----------

Expansion: Candidates size: 1

Pos: [39, 41] xx => I

Selected: Pos: [39, 41] xx => I
    ... xcxccch ... 
target: ^ ^    

----------

Expansion: Candidates size: 1

Pos: [40, 42] cc => I

Selected: Pos: [40, 42] cc => I
    ... cxccch ... 
target: ^ ^   

----------

Expansion: Candidates size: 0

Complete Plan: 

Pos: [5, 8] cc => I
Pos: [7, 10] cc => I
Pos: [22, 25] xx => I
Pos: [26, 27, 31] ccc => cc
Pos: [33, 37] xx => I
Pos: [39, 41] xx => I
Pos: [40, 42] cc => I

Total Saving: 20


----End Timer [Generate Plans]:  0.0049860477447509766

----Start Timer: [apply mapping plan]

**************************
*                        *
*   Apply Mapping Plan   *
*                        *
**************************

Selected Best Plan: 
[Pos: [5, 8] cc => I,
 Pos: [7, 10] cc => I,
 Pos: [22, 25] xx => I,
 Pos: [26, 27, 31] ccc => cc,
 Pos: [33, 37] xx => I,
 Pos: [39, 41] xx => I,
 Pos: [40, 42] cc => I]
Change: 7, Saving: 20

Circuit before: xchxccccccccxxcccchcRhxccxcchRhchxcccxcxcxccch
---------------
Apply:  Pos: [5, 8] cc => I
Apply:  Pos: [7, 10] cc => I
Apply:  Pos: [22, 25] xx => I
Apply:  Pos: [26, 27, 31] ccc => cc
Apply:  Pos: [33, 37] xx => I
Apply:  Pos: [39, 41] xx => I
Apply:  Pos: [40, 42] cc => I
---------------
Circuit after: xchxccccxxcccchcRhcccchRhhcccccch

----End Timer [apply mapping plan]:  0.0009975433349609375

---------------
Origin Circuit: xchxccccccccxxccchRhchchxccxcchRhchxcccccxcxcxccch - size: 50
Solved Circuit: xchxccccxxcccchcRhcccchRhhcccccch - size: 33
change: 17 (34.00%)
End Timer [Execute Mapping]:  0.29874491691589355

Start Timer: [Execute Mapping]

****************************
*                          *
*   Pattern & Candidates   *
*                          *
****************************
----Start Timer: [Find Candidates]

------------ 1 ------------
Pattern: 1
    cx [0, 1]
    cx [1, 2]
    cx [0, 1]
    => 
    cx [0, 2]
    cx [1, 2]

Candidates: 


------------ 2 ------------
Pattern: 2
    x [1]
    cx [0, 1]
    x [1]
    => 
    cx [0, 1]

Candidates: 


------------ 3 ------------
Pattern: 3
    cx [1, 2]
    cx [0, 1]
    cx [1, 2]
    => 
    cx [0, 1]
    cx [1, 2]

Candidates: 


------------ 4 ------------
Pattern: 4
    cx [1, 2]
    cx [0, 2]
    cx [0, 1]
    => 
    cx [0, 1]
    cx [1, 2]

Candidates: 


------------ 5 ------------
Pattern: 5
    cx [0, 1]
    cx [0, 1]
    => 
    I

Candidates: 


------------ 6 ------------
Pattern: 6
    x [0]
    x [0]
    => 
    I

Candidates: 

----End Timer [Find Candidates]:  0.04387950897216797

----Start Timer: [Generate Plans]

**********************
*                    *
*   Generate Plans   *
*                    *
**********************

Sorted Candidates: 

[]

Monte Carlo-based plan searching

------------

Complete Plan: 



Total Saving: 0


----End Timer [Generate Plans]:  0.0

----Start Timer: [apply mapping plan]

**************************
*                        *
*   Apply Mapping Plan   *
*                        *
**************************

Selected Best Plan: 
[]
Change: 0, Saving: 0

Circuit before: xchxccccxxcccchcRhcccchRhhcccch
---------------
---------------
Circuit after: xchxccccxxcccchcRhcccchRhhcccch

----End Timer [apply mapping plan]:  0.0

---------------
Origin Circuit: xchxccccccccxxccchRhchchxccxcchRhchxcccccxcxcxccch - size: 50
Solved Circuit: xchxccccxxcccchcRhcccchRhhcccch - size: 31
change: 19 (38.00%)
End Timer [Execute Mapping]:  0.04387950897216797

Start Timer: [Init Circuit]
End Timer [Init Circuit]:  0.07523393630981445

Start Timer: [Execute Mapping]

****************************
*                          *
*   Pattern & Candidates   *
*                          *
****************************
----Start Timer: [Find Candidates]

------------ 1 ------------
Pattern: 1
    cx [0, 1]
    cx [0, 1]
    => 
    I


Candidates: 

[40, 42]

------------ 2 ------------
Pattern: 2
    x [0]
    x [0]
    => 
    I


Candidates: 

[39, 41]

------------ 3 ------------
Pattern: 3
    cx [0, 1]
    cx [1, 2]
    cx [0, 1]
    => 
    cx [0, 2]
    cx [1, 2]


Candidates: 


------------ 4 ------------
Pattern: 4
    x [1]
    cx [0, 1]
    x [1]
    => 
    cx [0, 1]


Candidates: 

[37, 38, 39]

------------ 5 ------------
Pattern: 5
    cx [1, 2]
    cx [0, 1]
    cx [1, 2]
    => 
    cx [0, 1]
    cx [1, 2]


Candidates: 


------------ 6 ------------
Pattern: 6
    cx [1, 2]
    cx [0, 2]
    cx [0, 1]
    => 
    cx [0, 1]
    cx [1, 2]


Candidates: 

[26, 27, 31]
----End Timer [Find Candidates]:  0.21941471099853516

----Start Timer: [Generate Plans]

**********************
*                    *
*   Generate Plans   *
*                    *
**********************

Sorted Candidates: 

[Pos: [26, 27, 31] ccc => cc, Pos: [37, 38, 39] xcx => c, Pos: [39, 41] xx => I, Pos: [40, 42] cc => I]

Monte Carlo-based plan searching

------------

Expansion: Candidates size: 1

Pos: [26, 27, 31] ccc => cc

Selected: Pos: [26, 27, 31] ccc => cc
    ... cchZhchxcccxcxcxccch ... 
target: ^^   ^              

----------

Expansion: Candidates size: 2

Pos: [37, 38, 39] xcx => c
Pos: [39, 41] xx => I

Selected: Pos: [37, 38, 39] xcx => c
    ... xcxcxccch ... 
target: ^^^      

----------

Expansion: Candidates size: 1

Pos: [40, 42] cc => I

Selected: Pos: [40, 42] cc => I
    ... cxccch ... 
target: ^ ^   

----------

Expansion: Candidates size: 0

Complete Plan: 

Pos: [26, 27, 31] ccc => cc
Pos: [37, 38, 39] xcx => c
Pos: [40, 42] cc => I

Total Saving: 8


----End Timer [Generate Plans]:  0.001994609832763672

----Start Timer: [apply mapping plan]

**************************
*                        *
*   Apply Mapping Plan   *
*                        *
**************************

Selected Best Plan: 
[Pos: [26, 27, 31] ccc => cc, Pos: [37, 38, 39] xcx => c, Pos: [40, 42] cc => I]
Change: 3, Saving: 8

Circuit before: xchxccccccccxxccchZchcxccxcchZhchxcccxcxcxccch
---------------
Apply:  Pos: [26, 27, 31] ccc => cc
Apply:  Pos: [37, 38, 39] xcx => c
Apply:  Pos: [40, 42] cc => I
---------------
Circuit after: xchxccccccccxxccchZchcxccxcchZhhxccccxcch

----End Timer [apply mapping plan]:  0.0

---------------
>> Origin circuit: 
Circuit Info: 
 - circuit: x-cx-h-x-cx-cx-cx-cx-cx-cx-cx-cx-x-x-cx-cx-cx-h-rz-h-cx-h-cx-h-x-cx-cx-x-cx-cx-h-rz-h-cx-h-x-cx-cx-cx-cx-cx-x-cx-x-cx-x-cx-cx-cx-h 
     => total size: [50]
 --------------------
 - qubits_num: 4, using gates: [h,x,cx,rz]
 - circuit depth: 36 - (small)


>> Solved circuit: 
Circuit Info: 
 - circuit: x-cx-h-x-cx-cx-cx-cx-cx-cx-cx-cx-x-x-cx-cx-cx-h-rz-cx-h-cx-x-cx-cx-x-cx-cx-h-rz-h-h-x-cx-cx-cx-cx-x-cx-cx-h 
     => total size: [41]
 --------------------
 - qubits_num: 4, using gates: [h,x,cx,rz]
 - circuit depth: 27 - (small)

Reduced: 
 - size: 9 (18.00%)
 - depth: 9

End Timer [Execute Mapping]:  0.22140932083129883

Start Timer: [Execute Mapping]

****************************
*                          *
*   Pattern & Candidates   *
*                          *
****************************
----Start Timer: [Find Candidates]

------------ 1 ------------
Pattern: 1
    cx [0, 1]
    cx [0, 1]
    => 
    I


Candidates: 

[36, 38]

------------ 2 ------------
Pattern: 2
    x [0]
    x [0]
    => 
    I


Candidates: 


------------ 3 ------------
Pattern: 3
    cx [0, 1]
    cx [1, 2]
    cx [0, 1]
    => 
    cx [0, 2]
    cx [1, 2]


Candidates: 


------------ 4 ------------
Pattern: 4
    x [1]
    cx [0, 1]
    x [1]
    => 
    cx [0, 1]


Candidates: 


------------ 5 ------------
Pattern: 5
    cx [1, 2]
    cx [0, 1]
    cx [1, 2]
    => 
    cx [0, 1]
    cx [1, 2]


Candidates: 


------------ 6 ------------
Pattern: 6
    cx [1, 2]
    cx [0, 2]
    cx [0, 1]
    => 
    cx [0, 1]
    cx [1, 2]


Candidates: 

----End Timer [Find Candidates]:  0.09075760841369629

----Start Timer: [Generate Plans]

**********************
*                    *
*   Generate Plans   *
*                    *
**********************

Sorted Candidates: 

[Pos: [36, 38] cc => I]

Monte Carlo-based plan searching

------------

Expansion: Candidates size: 1

Pos: [36, 38] cc => I

Selected: Pos: [36, 38] cc => I
    ... cxcch ... 
target: ^ ^  

----------

Expansion: Candidates size: 0

Complete Plan: 

Pos: [36, 38] cc => I

Total Saving: 4


----End Timer [Generate Plans]:  0.0

----Start Timer: [apply mapping plan]

**************************
*                        *
*   Apply Mapping Plan   *
*                        *
**************************

Selected Best Plan: 
[Pos: [36, 38] cc => I]
Change: 1, Saving: 4

Circuit before: xchxccccccccxxccchZchcxccxcchZhhxccccxcch
---------------
Apply:  Pos: [36, 38] cc => I
---------------
Circuit after: xchxccccccccxxccchZchcxccxcchZhhxcccxch

----End Timer [apply mapping plan]:  0.0

---------------
>> Origin circuit: 
Circuit Info: 
 - circuit: x-cx-h-x-cx-cx-cx-cx-cx-cx-cx-cx-x-x-cx-cx-cx-h-rz-h-cx-h-cx-h-x-cx-cx-x-cx-cx-h-rz-h-cx-h-x-cx-cx-cx-cx-cx-x-cx-x-cx-x-cx-cx-cx-h 
     => total size: [50]
 --------------------
 - qubits_num: 4, using gates: [h,x,cx,rz]
 - circuit depth: 36 - (small)


>> Solved circuit: 
Circuit Info: 
 - circuit: x-cx-h-x-cx-cx-cx-cx-cx-cx-cx-cx-x-x-cx-cx-cx-h-rz-cx-h-cx-x-cx-cx-x-cx-cx-h-rz-h-h-x-cx-cx-cx-x-cx-h 
     => total size: [39]
 --------------------
 - qubits_num: 4, using gates: [h,x,cx,rz]
 - circuit depth: 27 - (small)

Reduced: 
 - size: 11 (22.00%)
 - depth: 9

End Timer [Execute Mapping]:  0.09175491333007812

Start Timer: [Execute Mapping]

****************************
*                          *
*   Pattern & Candidates   *
*                          *
****************************
----Start Timer: [Find Candidates]

------------ 1 ------------
Pattern: 1
    cx [0, 1]
    cx [0, 1]
    => 
    I


Candidates: 


------------ 2 ------------
Pattern: 2
    x [0]
    x [0]
    => 
    I


Candidates: 


------------ 3 ------------
Pattern: 3
    cx [0, 1]
    cx [1, 2]
    cx [0, 1]
    => 
    cx [0, 2]
    cx [1, 2]


Candidates: 


------------ 4 ------------
Pattern: 4
    x [1]
    cx [0, 1]
    x [1]
    => 
    cx [0, 1]


Candidates: 


------------ 5 ------------
Pattern: 5
    cx [1, 2]
    cx [0, 1]
    cx [1, 2]
    => 
    cx [0, 1]
    cx [1, 2]


Candidates: 


------------ 6 ------------
Pattern: 6
    cx [1, 2]
    cx [0, 2]
    cx [0, 1]
    => 
    cx [0, 1]
    cx [1, 2]


Candidates: 

----End Timer [Find Candidates]:  0.1466081142425537

----Start Timer: [Generate Plans]

**********************
*                    *
*   Generate Plans   *
*                    *
**********************

Sorted Candidates: 

[]

Monte Carlo-based plan searching

------------

Complete Plan: 



Total Saving: 0


----End Timer [Generate Plans]:  0.0

----Start Timer: [apply mapping plan]

**************************
*                        *
*   Apply Mapping Plan   *
*                        *
**************************

Selected Best Plan: 
[]
Change: 0, Saving: 0

Circuit before: xchxccccccccxxccchZchcxccxcchZhhxcccxch
---------------
---------------
Circuit after: xchxccccccccxxccchZchcxccxcchZhhxcccxch

----End Timer [apply mapping plan]:  0.0

---------------
>> Origin circuit: 
Circuit Info: 
 - circuit: x-cx-h-x-cx-cx-cx-cx-cx-cx-cx-cx-x-x-cx-cx-cx-h-rz-h-cx-h-cx-h-x-cx-cx-x-cx-cx-h-rz-h-cx-h-x-cx-cx-cx-cx-cx-x-cx-x-cx-x-cx-cx-cx-h 
     => total size: [50]
 --------------------
 - qubits_num: 4, using gates: [h,x,cx,rz]
 - circuit depth: 36 - (small)


>> Solved circuit: 
Circuit Info: 
 - circuit: x-cx-h-x-cx-cx-cx-cx-cx-cx-cx-cx-x-x-cx-cx-cx-h-rz-cx-h-cx-x-cx-cx-x-cx-cx-h-rz-h-h-x-cx-cx-cx-x-cx-h 
     => total size: [39]
 --------------------
 - qubits_num: 4, using gates: [h,x,cx,rz]
 - circuit depth: 26 - (small)

Reduced: 
 - size: 11 (22.00%)
 - depth: 10

End Timer [Execute Mapping]:  0.16851043701171875

